Changing the total supply to 737
Total supply is 737
